[INFO] Scanning for projects...
[INFO] 
[INFO] ----------------------< com.wenjin:wenjin-server >----------------------
[INFO] Building wenjin-server 0.1.0
[INFO]   from pom.xml
[INFO] --------------------------------[ jar ]---------------------------------
[INFO] 
[INFO] --- resources:3.3.1:resources (default-resources) @ wenjin-server ---
[INFO] Copying 1 resource from src\main\resources to target\classes
[INFO] Copying 1 resource from src\main\resources to target\classes
[INFO] 
[INFO] --- compiler:3.13.0:compile (default-compile) @ wenjin-server ---
[INFO] Nothing to compile - all classes are up to date.
[INFO] 
[INFO] --- resources:3.3.1:testResources (default-testResources) @ wenjin-server ---
[INFO] skip non existing resourceDirectory D:\Fordo\wenjin-server\src\test\resources
[INFO] 
[INFO] --- compiler:3.13.0:testCompile (default-testCompile) @ wenjin-server ---
[INFO] Recompiling the module because of changed source code.
[INFO] Compiling 14 source files with javac [debug parameters release 21] to target\test-classes
[INFO] 由于在类路径中发现了一个或多个处理程序，因此启用了
  批注处理。未来发行版的 javac 可能会禁用批注处理，
  除非至少按名称指定了一个处理程序 (-processor)，
  或指定了搜索路径 (--processor-path, --processor-module-path)，
  或显式启用了批注处理 (-proc:only, -proc:full)。
  可使用 -Xlint:-options 隐藏此消息。
  可使用 -proc:none 禁用批注处理。
[INFO] /D:/Fordo/wenjin-server/src/test/java/com/wenjin/service/CompanionServiceImplTest.java: 某些输入文件使用了未经检查或不安全的操作。
[INFO] /D:/Fordo/wenjin-server/src/test/java/com/wenjin/service/CompanionServiceImplTest.java: 有关详细信息, 请使用 -Xlint:unchecked 重新编译。
[INFO] -------------------------------------------------------------
[ERROR] COMPILATION ERROR : 
[INFO] -------------------------------------------------------------
[ERROR] /D:/Fordo/wenjin-server/src/test/java/com/wenjin/support/ReviewMarkerTest.java:[11,20] 找不到符号
  符号:   变量 ReviewMarker
  位置: 类 com.wenjin.support.ReviewMarkerTest
[ERROR] /D:/Fordo/wenjin-server/src/test/java/com/wenjin/support/ReviewMarkerTest.java:[12,20] 找不到符号
  符号:   变量 ReviewMarker
  位置: 类 com.wenjin.support.ReviewMarkerTest
[ERROR] /D:/Fordo/wenjin-server/src/test/java/com/wenjin/support/ReviewMarkerTest.java:[13,20] 找不到符号
  符号:   变量 ReviewMarker
  位置: 类 com.wenjin.support.ReviewMarkerTest
[ERROR] /D:/Fordo/wenjin-server/src/test/java/com/wenjin/support/ReviewMarkerTest.java:[14,20] 找不到符号
  符号:   变量 ReviewMarker
  位置: 类 com.wenjin.support.ReviewMarkerTest
[ERROR] /D:/Fordo/wenjin-server/src/test/java/com/wenjin/support/ReviewMarkerTest.java:[15,20] 找不到符号
  符号:   变量 ReviewMarker
  位置: 类 com.wenjin.support.ReviewMarkerTest
[ERROR] /D:/Fordo/wenjin-server/src/test/java/com/wenjin/support/ReviewMarkerTest.java:[20,20] 找不到符号
  符号:   变量 ReviewMarker
  位置: 类 com.wenjin.support.ReviewMarkerTest
[ERROR] /D:/Fordo/wenjin-server/src/test/java/com/wenjin/support/ReviewMarkerTest.java:[21,20] 找不到符号
  符号:   变量 ReviewMarker
  位置: 类 com.wenjin.support.ReviewMarkerTest
[ERROR] /D:/Fordo/wenjin-server/src/test/java/com/wenjin/support/ReviewMarkerTest.java:[22,20] 找不到符号
  符号:   变量 ReviewMarker
  位置: 类 com.wenjin.support.ReviewMarkerTest
[ERROR] /D:/Fordo/wenjin-server/src/test/java/com/wenjin/support/ReviewMarkerTest.java:[23,20] 找不到符号
  符号:   变量 ReviewMarker
  位置: 类 com.wenjin.support.ReviewMarkerTest
[ERROR] /D:/Fordo/wenjin-server/src/test/java/com/wenjin/support/ReviewMarkerTest.java:[24,20] 找不到符号
  符号:   变量 ReviewMarker
  位置: 类 com.wenjin.support.ReviewMarkerTest
[INFO] 10 errors 
[INFO] -------------------------------------------------------------
[INFO] ------------------------------------------------------------------------
[INFO] BUILD FAILURE
[INFO] ------------------------------------------------------------------------
[INFO] Total time:  17.932 s
[INFO] Finished at: 2026-06-16T22:50:37+08:00
[INFO] ------------------------------------------------------------------------
[ERROR] Failed to execute goal org.apache.maven.plugins:maven-compiler-plugin:3.13.0:testCompile (default-testCompile) on project wenjin-server: Compilation failure: Compilation failure: 
[ERROR] /D:/Fordo/wenjin-server/src/test/java/com/wenjin/support/ReviewMarkerTest.java:[11,20] 找不到符号
[ERROR]   符号:   变量 ReviewMarker
[ERROR]   位置: 类 com.wenjin.support.ReviewMarkerTest
[ERROR] /D:/Fordo/wenjin-server/src/test/java/com/wenjin/support/ReviewMarkerTest.java:[12,20] 找不到符号
[ERROR]   符号:   变量 ReviewMarker
[ERROR]   位置: 类 com.wenjin.support.ReviewMarkerTest
[ERROR] /D:/Fordo/wenjin-server/src/test/java/com/wenjin/support/ReviewMarkerTest.java:[13,20] 找不到符号
[ERROR]   符号:   变量 ReviewMarker
[ERROR]   位置: 类 com.wenjin.support.ReviewMarkerTest
[ERROR] /D:/Fordo/wenjin-server/src/test/java/com/wenjin/support/ReviewMarkerTest.java:[14,20] 找不到符号
[ERROR]   符号:   变量 ReviewMarker
[ERROR]   位置: 类 com.wenjin.support.ReviewMarkerTest
[ERROR] /D:/Fordo/wenjin-server/src/test/java/com/wenjin/support/ReviewMarkerTest.java:[15,20] 找不到符号
[ERROR]   符号:   变量 ReviewMarker
[ERROR]   位置: 类 com.wenjin.support.ReviewMarkerTest
[ERROR] /D:/Fordo/wenjin-server/src/test/java/com/wenjin/support/ReviewMarkerTest.java:[20,20] 找不到符号
[ERROR]   符号:   变量 ReviewMarker
[ERROR]   位置: 类 com.wenjin.support.ReviewMarkerTest
[ERROR] /D:/Fordo/wenjin-server/src/test/java/com/wenjin/support/ReviewMarkerTest.java:[21,20] 找不到符号
[ERROR]   符号:   变量 ReviewMarker
[ERROR]   位置: 类 com.wenjin.support.ReviewMarkerTest
[ERROR] /D:/Fordo/wenjin-server/src/test/java/com/wenjin/support/ReviewMarkerTest.java:[22,20] 找不到符号
[ERROR]   符号:   变量 ReviewMarker
[ERROR]   位置: 类 com.wenjin.support.ReviewMarkerTest
[ERROR] /D:/Fordo/wenjin-server/src/test/java/com/wenjin/support/ReviewMarkerTest.java:[23,20] 找不到符号
[ERROR]   符号:   变量 ReviewMarker
[ERROR]   位置: 类 com.wenjin.support.ReviewMarkerTest
[ERROR] /D:/Fordo/wenjin-server/src/test/java/com/wenjin/support/ReviewMarkerTest.java:[24,20] 找不到符号
[ERROR]   符号:   变量 ReviewMarker
[ERROR]   位置: 类 com.wenjin.support.ReviewMarkerTest
[ERROR] -> [Help 1]
[ERROR] 
[ERROR] To see the full stack trace of the errors, re-run Maven with the -e switch.
[ERROR] Re-run Maven using the -X switch to enable full debug logging.
[ERROR] 
[ERROR] For more information about the errors and possible solutions, please read the following articles:
[ERROR] [Help 1] http://cwiki.apache.org/confluence/display/MAVEN/MojoFailureException
